github.com/h2non/bimg: exec: "pkg-config": executable file not found in $PATH
