github.com/h2non/bimg: exec: "pkg-config": executable file not found in $PATH
FAIL	command-line-arguments [build failed]
FAIL
